// Jest Snapshot v1, https://goo.gl/fbAQLP

exports[`Homepage rendered Render the homepage and watch changes 1`] = `
<Provider
  store={
    Object {
      "@@observable": [Function],
      "dispatch": [Function],
      "getState": [Function],
      "replaceReducer": [Function],
      "subscribe": [Function],
    }
  }
>
  <Component
    style={
      Object {
        "backgroundColor": "#fff",
        "flex": 1,
        "flexDirection": "column",
      }
    }
  >
    <Header />
    <Connect(Welcome) />
  </Component>
</Provider>
`;
